============================= test session starts =============================
platform win32 -- Python 3.13.7, pytest-9.0.2, pluggy-1.6.0 -- C:\Users\sidha\AppData\Local\Programs\Python\Python313\python.exe
cachedir: .pytest_cache
rootdir: C:\Users\sidha\continual-learning-system
configfile: pytest.ini
plugins: anyio-4.12.0, Faker-40.1.0
collecting ... collected 20 items

tests/test_model_registry.py::TestRegistryInitialization::test_initialize_new_registry DEBUG: initialize_registry seeing paths.REGISTRY_PATH = C:\Users\sidha\AppData\Local\Temp\tmpe2q9o5ka\registry.json
FAILED
tests/test_model_registry.py::TestRegistryInitialization::test_initialize_existing_registry_fails DEBUG: initialize_registry seeing paths.REGISTRY_PATH = C:\Users\sidha\AppData\Local\Temp\tmpa30rh0sq\registry.json
FAILED
tests/test_model_registry.py::TestRegistryInitialization::test_initialize_with_force_overwrites DEBUG: initialize_registry seeing paths.REGISTRY_PATH = C:\Users\sidha\AppData\Local\Temp\tmp5wza_trk\registry.json
FAILED
tests/test_model_registry.py::TestModelRegistration::test_register_first_model DEBUG: initialize_registry seeing paths.REGISTRY_PATH = C:\Users\sidha\AppData\Local\Temp\tmp8yvfbgjq\registry.json
ERROR
tests/test_model_registry.py::TestModelRegistration::test_register_multiple_models DEBUG: initialize_registry seeing paths.REGISTRY_PATH = C:\Users\sidha\AppData\Local\Temp\tmpfj7zlwri\registry.json
ERROR
tests/test_model_registry.py::TestModelRegistration::test_register_with_metadata DEBUG: initialize_registry seeing paths.REGISTRY_PATH = C:\Users\sidha\AppData\Local\Temp\tmp6c1x_et8\registry.json
ERROR
tests/test_model_registry.py::TestModelPromotion::test_promote_model_to_production DEBUG: initialize_registry seeing paths.REGISTRY_PATH = C:\Users\sidha\AppData\Local\Temp\tmp982j177w\registry.json
ERROR
tests/test_model_registry.py::TestModelPromotion::test_promote_second_model_archives_first DEBUG: initialize_registry seeing paths.REGISTRY_PATH = C:\Users\sidha\AppData\Local\Temp\tmpbv1sqbci\registry.json
ERROR
tests/test_model_registry.py::TestModelPromotion::test_promote_nonexistent_model_fails DEBUG: initialize_registry seeing paths.REGISTRY_PATH = C:\Users\sidha\AppData\Local\Temp\tmp70ug1cbq\registry.json
ERROR
tests/test_model_registry.py::TestModelPromotion::test_promote_with_reason DEBUG: initialize_registry seeing paths.REGISTRY_PATH = C:\Users\sidha\AppData\Local\Temp\tmptnbqq7r0\registry.json
ERROR
tests/test_model_registry.py::TestRollback::test_rollback_to_previous_version DEBUG: initialize_registry seeing paths.REGISTRY_PATH = C:\Users\sidha\AppData\Local\Temp\tmpmscskjg_\registry.json
ERROR
tests/test_model_registry.py::TestModelQueries::test_list_all_models DEBUG: initialize_registry seeing paths.REGISTRY_PATH = C:\Users\sidha\AppData\Local\Temp\tmpioilx8li\registry.json
ERROR
tests/test_model_registry.py::TestModelQueries::test_list_models_by_status DEBUG: initialize_registry seeing paths.REGISTRY_PATH = C:\Users\sidha\AppData\Local\Temp\tmpktlyxjb3\registry.json
ERROR
tests/test_model_registry.py::TestModelQueries::test_get_production_model_when_none DEBUG: initialize_registry seeing paths.REGISTRY_PATH = C:\Users\sidha\AppData\Local\Temp\tmpbavjfcut\registry.json
ERROR
tests/test_model_registry.py::TestModelQueries::test_get_model_by_version_not_found DEBUG: initialize_registry seeing paths.REGISTRY_PATH = C:\Users\sidha\AppData\Local\Temp\tmpya41f0_0\registry.json
ERROR
tests/test_model_registry.py::TestArchiving::test_archive_old_candidates DEBUG: initialize_registry seeing paths.REGISTRY_PATH = C:\Users\sidha\AppData\Local\Temp\tmpw2lfsyi7\registry.json
ERROR
tests/test_model_registry.py::TestMetricsComparison::test_compare_metrics_between_models DEBUG: initialize_registry seeing paths.REGISTRY_PATH = C:\Users\sidha\AppData\Local\Temp\tmpy9e_lg8y\registry.json
ERROR
tests/test_model_registry.py::TestMetricsComparison::test_compare_nonexistent_models_fails DEBUG: initialize_registry seeing paths.REGISTRY_PATH = C:\Users\sidha\AppData\Local\Temp\tmpcq0240gr\registry.json
ERROR
tests/test_model_registry.py::TestRegistryValidation::test_load_invalid_json_fails FAILED
tests/test_model_registry.py::TestRegistryValidation::test_load_missing_keys_fails FAILED

=================================== ERRORS ====================================
______ ERROR at setup of TestModelRegistration.test_register_first_model ______

registry = {'created_at': '2026-01-08T21:53:22.319990', 'history': [], 'latest_production': None, 'updated_at': '2026-01-08T21:53:22.319999'}

    def save_registry(registry: Dict[str, Any]) -> None:
        """
        Save the model registry with validation.
    
        Args:
            registry: Registry dictionary
    
        Raises:
            RegistryError: If validation fails
        """
        _validate_registry_schema(registry)
    
        ensure_directory(paths.REGISTRY_PATH.parent)
    
        try:
            # Write to temporary file first for atomicity
            temp_path = paths.REGISTRY_PATH.parent / f"{paths.REGISTRY_PATH.name}.tmp"
            with open(temp_path, "w") as f:
>               json.dump(registry, f, indent=2)
                ^^^^
E               NameError: name 'json' is not defined. Did you forget to import 'json'?

src\registry\model_registry.py:131: NameError

During handling of the above exception, another exception occurred:

self = <test_model_registry.TestModelRegistration object at 0x000001A79017AE90>
temp_registry_dir = WindowsPath('C:/Users/sidha/AppData/Local/Temp/tmp8yvfbgjq')

    @pytest.fixture(autouse=True)
    def setup_registry(self, temp_registry_dir):
        """Initialize registry before each test."""
>       initialize_registry()

tests\test_model_registry.py:79: 
_ _ _ _ _ _ _ _ _ _ _ _ _ _ _ _ _ _ _ _ _ _ _ _ _ _ _ _ _ _ _ _ _ _ _ _ _ _ _ _
src\registry\model_registry.py:162: in initialize_registry
    save_registry(registry)
_ _ _ _ _ _ _ _ _ _ _ _ _ _ _ _ _ _ _ _ _ _ _ _ _ _ _ _ _ _ _ _ _ _ _ _ _ _ _ _

registry = {'created_at': '2026-01-08T21:53:22.319990', 'history': [], 'latest_production': None, 'updated_at': '2026-01-08T21:53:22.319999'}

    def save_registry(registry: Dict[str, Any]) -> None:
        """
        Save the model registry with validation.
    
        Args:
            registry: Registry dictionary
    
        Raises:
            RegistryError: If validation fails
        """
        _validate_registry_schema(registry)
    
        ensure_directory(paths.REGISTRY_PATH.parent)
    
        try:
            # Write to temporary file first for atomicity
            temp_path = paths.REGISTRY_PATH.parent / f"{paths.REGISTRY_PATH.name}.tmp"
            with open(temp_path, "w") as f:
                json.dump(registry, f, indent=2)
    
            # Atomic rename
            temp_path.replace(paths.REGISTRY_PATH)
            logger.debug(f"Registry saved to {paths.REGISTRY_PATH}")
    
        except Exception as e:
>           raise RegistryError(f"Failed to save registry: {e}")
E           src.registry.model_registry.RegistryError: Failed to save registry: name 'json' is not defined

src\registry\model_registry.py:138: RegistryError
____ ERROR at setup of TestModelRegistration.test_register_multiple_models ____

registry = {'created_at': '2026-01-08T21:53:22.341911', 'history': [], 'latest_production': None, 'updated_at': '2026-01-08T21:53:22.341919'}

    def save_registry(registry: Dict[str, Any]) -> None:
        """
        Save the model registry with validation.
    
        Args:
            registry: Registry dictionary
    
        Raises:
            RegistryError: If validation fails
        """
        _validate_registry_schema(registry)
    
        ensure_directory(paths.REGISTRY_PATH.parent)
    
        try:
            # Write to temporary file first for atomicity
            temp_path = paths.REGISTRY_PATH.parent / f"{paths.REGISTRY_PATH.name}.tmp"
            with open(temp_path, "w") as f:
>               json.dump(registry, f, indent=2)
                ^^^^
E               NameError: name 'json' is not defined. Did you forget to import 'json'?

src\registry\model_registry.py:131: NameError

During handling of the above exception, another exception occurred:

self = <test_model_registry.TestModelRegistration object at 0x000001A79017B110>
temp_registry_dir = WindowsPath('C:/Users/sidha/AppData/Local/Temp/tmpfj7zlwri')

    @pytest.fixture(autouse=True)
    def setup_registry(self, temp_registry_dir):
        """Initialize registry before each test."""
>       initialize_registry()

tests\test_model_registry.py:79: 
_ _ _ _ _ _ _ _ _ _ _ _ _ _ _ _ _ _ _ _ _ _ _ _ _ _ _ _ _ _ _ _ _ _ _ _ _ _ _ _
src\registry\model_registry.py:162: in initialize_registry
    save_registry(registry)
_ _ _ _ _ _ _ _ _ _ _ _ _ _ _ _ _ _ _ _ _ _ _ _ _ _ _ _ _ _ _ _ _ _ _ _ _ _ _ _

registry = {'created_at': '2026-01-08T21:53:22.341911', 'history': [], 'latest_production': None, 'updated_at': '2026-01-08T21:53:22.341919'}

    def save_registry(registry: Dict[str, Any]) -> None:
        """
        Save the model registry with validation.
    
        Args:
            registry: Registry dictionary
    
        Raises:
            RegistryError: If validation fails
        """
        _validate_registry_schema(registry)
    
        ensure_directory(paths.REGISTRY_PATH.parent)
    
        try:
            # Write to temporary file first for atomicity
            temp_path = paths.REGISTRY_PATH.parent / f"{paths.REGISTRY_PATH.name}.tmp"
            with open(temp_path, "w") as f:
                json.dump(registry, f, indent=2)
    
            # Atomic rename
            temp_path.replace(paths.REGISTRY_PATH)
            logger.debug(f"Registry saved to {paths.REGISTRY_PATH}")
    
        except Exception as e:
>           raise RegistryError(f"Failed to save registry: {e}")
E           src.registry.model_registry.RegistryError: Failed to save registry: name 'json' is not defined

src\registry\model_registry.py:138: RegistryError
_____ ERROR at setup of TestModelRegistration.test_register_with_metadata _____

registry = {'created_at': '2026-01-08T21:53:22.371271', 'history': [], 'latest_production': None, 'updated_at': '2026-01-08T21:53:22.371289'}

    def save_registry(registry: Dict[str, Any]) -> None:
        """
        Save the model registry with validation.
    
        Args:
            registry: Registry dictionary
    
        Raises:
            RegistryError: If validation fails
        """
        _validate_registry_schema(registry)
    
        ensure_directory(paths.REGISTRY_PATH.parent)
    
        try:
            # Write to temporary file first for atomicity
            temp_path = paths.REGISTRY_PATH.parent / f"{paths.REGISTRY_PATH.name}.tmp"
            with open(temp_path, "w") as f:
>               json.dump(registry, f, indent=2)
                ^^^^
E               NameError: name 'json' is not defined. Did you forget to import 'json'?

src\registry\model_registry.py:131: NameError

During handling of the above exception, another exception occurred:

self = <test_model_registry.TestModelRegistration object at 0x000001A7902028B0>
temp_registry_dir = WindowsPath('C:/Users/sidha/AppData/Local/Temp/tmp6c1x_et8')

    @pytest.fixture(autouse=True)
    def setup_registry(self, temp_registry_dir):
        """Initialize registry before each test."""
>       initialize_registry()

tests\test_model_registry.py:79: 
_ _ _ _ _ _ _ _ _ _ _ _ _ _ _ _ _ _ _ _ _ _ _ _ _ _ _ _ _ _ _ _ _ _ _ _ _ _ _ _
src\registry\model_registry.py:162: in initialize_registry
    save_registry(registry)
_ _ _ _ _ _ _ _ _ _ _ _ _ _ _ _ _ _ _ _ _ _ _ _ _ _ _ _ _ _ _ _ _ _ _ _ _ _ _ _

registry = {'created_at': '2026-01-08T21:53:22.371271', 'history': [], 'latest_production': None, 'updated_at': '2026-01-08T21:53:22.371289'}

    def save_registry(registry: Dict[str, Any]) -> None:
        """
        Save the model registry with validation.
    
        Args:
            registry: Registry dictionary
    
        Raises:
            RegistryError: If validation fails
        """
        _validate_registry_schema(registry)
    
        ensure_directory(paths.REGISTRY_PATH.parent)
    
        try:
            # Write to temporary file first for atomicity
            temp_path = paths.REGISTRY_PATH.parent / f"{paths.REGISTRY_PATH.name}.tmp"
            with open(temp_path, "w") as f:
                json.dump(registry, f, indent=2)
    
            # Atomic rename
            temp_path.replace(paths.REGISTRY_PATH)
            logger.debug(f"Registry saved to {paths.REGISTRY_PATH}")
    
        except Exception as e:
>           raise RegistryError(f"Failed to save registry: {e}")
E           src.registry.model_registry.RegistryError: Failed to save registry: name 'json' is not defined

src\registry\model_registry.py:138: RegistryError
____ ERROR at setup of TestModelPromotion.test_promote_model_to_production ____

registry = {'created_at': '2026-01-08T21:53:22.400828', 'history': [], 'latest_production': None, 'updated_at': '2026-01-08T21:53:22.400837'}

    def save_registry(registry: Dict[str, Any]) -> None:
        """
        Save the model registry with validation.
    
        Args:
            registry: Registry dictionary
    
        Raises:
            RegistryError: If validation fails
        """
        _validate_registry_schema(registry)
    
        ensure_directory(paths.REGISTRY_PATH.parent)
    
        try:
            # Write to temporary file first for atomicity
            temp_path = paths.REGISTRY_PATH.parent / f"{paths.REGISTRY_PATH.name}.tmp"
            with open(temp_path, "w") as f:
>               json.dump(registry, f, indent=2)
                ^^^^
E               NameError: name 'json' is not defined. Did you forget to import 'json'?

src\registry\model_registry.py:131: NameError

During handling of the above exception, another exception occurred:

self = <test_model_registry.TestModelPromotion object at 0x000001A79017B250>
temp_registry_dir = WindowsPath('C:/Users/sidha/AppData/Local/Temp/tmp982j177w')

    @pytest.fixture(autouse=True)
    def setup_registry(self, temp_registry_dir):
        """Initialize registry with some models."""
>       initialize_registry()

tests\test_model_registry.py:129: 
_ _ _ _ _ _ _ _ _ _ _ _ _ _ _ _ _ _ _ _ _ _ _ _ _ _ _ _ _ _ _ _ _ _ _ _ _ _ _ _
src\registry\model_registry.py:162: in initialize_registry
    save_registry(registry)
_ _ _ _ _ _ _ _ _ _ _ _ _ _ _ _ _ _ _ _ _ _ _ _ _ _ _ _ _ _ _ _ _ _ _ _ _ _ _ _

registry = {'created_at': '2026-01-08T21:53:22.400828', 'history': [], 'latest_production': None, 'updated_at': '2026-01-08T21:53:22.400837'}

    def save_registry(registry: Dict[str, Any]) -> None:
        """
        Save the model registry with validation.
    
        Args:
            registry: Registry dictionary
    
        Raises:
            RegistryError: If validation fails
        """
        _validate_registry_schema(registry)
    
        ensure_directory(paths.REGISTRY_PATH.parent)
    
        try:
            # Write to temporary file first for atomicity
            temp_path = paths.REGISTRY_PATH.parent / f"{paths.REGISTRY_PATH.name}.tmp"
            with open(temp_path, "w") as f:
                json.dump(registry, f, indent=2)
    
            # Atomic rename
            temp_path.replace(paths.REGISTRY_PATH)
            logger.debug(f"Registry saved to {paths.REGISTRY_PATH}")
    
        except Exception as e:
>           raise RegistryError(f"Failed to save registry: {e}")
E           src.registry.model_registry.RegistryError: Failed to save registry: name 'json' is not defined

src\registry\model_registry.py:138: RegistryError
_ ERROR at setup of TestModelPromotion.test_promote_second_model_archives_first _

registry = {'created_at': '2026-01-08T21:53:22.425007', 'history': [], 'latest_production': None, 'updated_at': '2026-01-08T21:53:22.425015'}

    def save_registry(registry: Dict[str, Any]) -> None:
        """
        Save the model registry with validation.
    
        Args:
            registry: Registry dictionary
    
        Raises:
            RegistryError: If validation fails
        """
        _validate_registry_schema(registry)
    
        ensure_directory(paths.REGISTRY_PATH.parent)
    
        try:
            # Write to temporary file first for atomicity
            temp_path = paths.REGISTRY_PATH.parent / f"{paths.REGISTRY_PATH.name}.tmp"
            with open(temp_path, "w") as f:
>               json.dump(registry, f, indent=2)
                ^^^^
E               NameError: name 'json' is not defined. Did you forget to import 'json'?

src\registry\model_registry.py:131: NameError

During handling of the above exception, another exception occurred:

self = <test_model_registry.TestModelPromotion object at 0x000001A79017B390>
temp_registry_dir = WindowsPath('C:/Users/sidha/AppData/Local/Temp/tmpbv1sqbci')

    @pytest.fixture(autouse=True)
    def setup_registry(self, temp_registry_dir):
        """Initialize registry with some models."""
>       initialize_registry()

tests\test_model_registry.py:129: 
_ _ _ _ _ _ _ _ _ _ _ _ _ _ _ _ _ _ _ _ _ _ _ _ _ _ _ _ _ _ _ _ _ _ _ _ _ _ _ _
src\registry\model_registry.py:162: in initialize_registry
    save_registry(registry)
_ _ _ _ _ _ _ _ _ _ _ _ _ _ _ _ _ _ _ _ _ _ _ _ _ _ _ _ _ _ _ _ _ _ _ _ _ _ _ _

registry = {'created_at': '2026-01-08T21:53:22.425007', 'history': [], 'latest_production': None, 'updated_at': '2026-01-08T21:53:22.425015'}

    def save_registry(registry: Dict[str, Any]) -> None:
        """
        Save the model registry with validation.
    
        Args:
            registry: Registry dictionary
    
        Raises:
            RegistryError: If validation fails
        """
        _validate_registry_schema(registry)
    
        ensure_directory(paths.REGISTRY_PATH.parent)
    
        try:
            # Write to temporary file first for atomicity
            temp_path = paths.REGISTRY_PATH.parent / f"{paths.REGISTRY_PATH.name}.tmp"
            with open(temp_path, "w") as f:
                json.dump(registry, f, indent=2)
    
            # Atomic rename
            temp_path.replace(paths.REGISTRY_PATH)
            logger.debug(f"Registry saved to {paths.REGISTRY_PATH}")
    
        except Exception as e:
>           raise RegistryError(f"Failed to save registry: {e}")
E           src.registry.model_registry.RegistryError: Failed to save registry: name 'json' is not defined

src\registry\model_registry.py:138: RegistryError
__ ERROR at setup of TestModelPromotion.test_promote_nonexistent_model_fails __

registry = {'created_at': '2026-01-08T21:53:22.444963', 'history': [], 'latest_production': None, 'updated_at': '2026-01-08T21:53:22.444972'}

    def save_registry(registry: Dict[str, Any]) -> None:
        """
        Save the model registry with validation.
    
        Args:
            registry: Registry dictionary
    
        Raises:
            RegistryError: If validation fails
        """
        _validate_registry_schema(registry)
    
        ensure_directory(paths.REGISTRY_PATH.parent)
    
        try:
            # Write to temporary file first for atomicity
            temp_path = paths.REGISTRY_PATH.parent / f"{paths.REGISTRY_PATH.name}.tmp"
            with open(temp_path, "w") as f:
>               json.dump(registry, f, indent=2)
                ^^^^
E               NameError: name 'json' is not defined. Did you forget to import 'json'?

src\registry\model_registry.py:131: NameError

During handling of the above exception, another exception occurred:

self = <test_model_registry.TestModelPromotion object at 0x000001A7902029E0>
temp_registry_dir = WindowsPath('C:/Users/sidha/AppData/Local/Temp/tmp70ug1cbq')

    @pytest.fixture(autouse=True)
    def setup_registry(self, temp_registry_dir):
        """Initialize registry with some models."""
>       initialize_registry()

tests\test_model_registry.py:129: 
_ _ _ _ _ _ _ _ _ _ _ _ _ _ _ _ _ _ _ _ _ _ _ _ _ _ _ _ _ _ _ _ _ _ _ _ _ _ _ _
src\registry\model_registry.py:162: in initialize_registry
    save_registry(registry)
_ _ _ _ _ _ _ _ _ _ _ _ _ _ _ _ _ _ _ _ _ _ _ _ _ _ _ _ _ _ _ _ _ _ _ _ _ _ _ _

registry = {'created_at': '2026-01-08T21:53:22.444963', 'history': [], 'latest_production': None, 'updated_at': '2026-01-08T21:53:22.444972'}

    def save_registry(registry: Dict[str, Any]) -> None:
        """
        Save the model registry with validation.
    
        Args:
            registry: Registry dictionary
    
        Raises:
            RegistryError: If validation fails
        """
        _validate_registry_schema(registry)
    
        ensure_directory(paths.REGISTRY_PATH.parent)
    
        try:
            # Write to temporary file first for atomicity
            temp_path = paths.REGISTRY_PATH.parent / f"{paths.REGISTRY_PATH.name}.tmp"
            with open(temp_path, "w") as f:
                json.dump(registry, f, indent=2)
    
            # Atomic rename
            temp_path.replace(paths.REGISTRY_PATH)
            logger.debug(f"Registry saved to {paths.REGISTRY_PATH}")
    
        except Exception as e:
>           raise RegistryError(f"Failed to save registry: {e}")
E           src.registry.model_registry.RegistryError: Failed to save registry: name 'json' is not defined

src\registry\model_registry.py:138: RegistryError
________ ERROR at setup of TestModelPromotion.test_promote_with_reason ________

registry = {'created_at': '2026-01-08T21:53:22.464129', 'history': [], 'latest_production': None, 'updated_at': '2026-01-08T21:53:22.464137'}

    def save_registry(registry: Dict[str, Any]) -> None:
        """
        Save the model registry with validation.
    
        Args:
            registry: Registry dictionary
    
        Raises:
            RegistryError: If validation fails
        """
        _validate_registry_schema(registry)
    
        ensure_directory(paths.REGISTRY_PATH.parent)
    
        try:
            # Write to temporary file first for atomicity
            temp_path = paths.REGISTRY_PATH.parent / f"{paths.REGISTRY_PATH.name}.tmp"
            with open(temp_path, "w") as f:
>               json.dump(registry, f, indent=2)
                ^^^^
E               NameError: name 'json' is not defined. Did you forget to import 'json'?

src\registry\model_registry.py:131: NameError

During handling of the above exception, another exception occurred:

self = <test_model_registry.TestModelPromotion object at 0x000001A790202B10>
temp_registry_dir = WindowsPath('C:/Users/sidha/AppData/Local/Temp/tmptnbqq7r0')

    @pytest.fixture(autouse=True)
    def setup_registry(self, temp_registry_dir):
        """Initialize registry with some models."""
>       initialize_registry()

tests\test_model_registry.py:129: 
_ _ _ _ _ _ _ _ _ _ _ _ _ _ _ _ _ _ _ _ _ _ _ _ _ _ _ _ _ _ _ _ _ _ _ _ _ _ _ _
src\registry\model_registry.py:162: in initialize_registry
    save_registry(registry)
_ _ _ _ _ _ _ _ _ _ _ _ _ _ _ _ _ _ _ _ _ _ _ _ _ _ _ _ _ _ _ _ _ _ _ _ _ _ _ _

registry = {'created_at': '2026-01-08T21:53:22.464129', 'history': [], 'latest_production': None, 'updated_at': '2026-01-08T21:53:22.464137'}

    def save_registry(registry: Dict[str, Any]) -> None:
        """
        Save the model registry with validation.
    
        Args:
            registry: Registry dictionary
    
        Raises:
            RegistryError: If validation fails
        """
        _validate_registry_schema(registry)
    
        ensure_directory(paths.REGISTRY_PATH.parent)
    
        try:
            # Write to temporary file first for atomicity
            temp_path = paths.REGISTRY_PATH.parent / f"{paths.REGISTRY_PATH.name}.tmp"
            with open(temp_path, "w") as f:
                json.dump(registry, f, indent=2)
    
            # Atomic rename
            temp_path.replace(paths.REGISTRY_PATH)
            logger.debug(f"Registry saved to {paths.REGISTRY_PATH}")
    
        except Exception as e:
>           raise RegistryError(f"Failed to save registry: {e}")
E           src.registry.model_registry.RegistryError: Failed to save registry: name 'json' is not defined

src\registry\model_registry.py:138: RegistryError
______ ERROR at setup of TestRollback.test_rollback_to_previous_version _______

registry = {'created_at': '2026-01-08T21:53:22.483648', 'history': [], 'latest_production': None, 'updated_at': '2026-01-08T21:53:22.483656'}

    def save_registry(registry: Dict[str, Any]) -> None:
        """
        Save the model registry with validation.
    
        Args:
            registry: Registry dictionary
    
        Raises:
            RegistryError: If validation fails
        """
        _validate_registry_schema(registry)
    
        ensure_directory(paths.REGISTRY_PATH.parent)
    
        try:
            # Write to temporary file first for atomicity
            temp_path = paths.REGISTRY_PATH.parent / f"{paths.REGISTRY_PATH.name}.tmp"
            with open(temp_path, "w") as f:
>               json.dump(registry, f, indent=2)
                ^^^^
E               NameError: name 'json' is not defined. Did you forget to import 'json'?

src\registry\model_registry.py:131: NameError

During handling of the above exception, another exception occurred:

self = <test_model_registry.TestRollback object at 0x000001A79017B4D0>
temp_registry_dir = WindowsPath('C:/Users/sidha/AppData/Local/Temp/tmpmscskjg_')

    @pytest.fixture(autouse=True)
    def setup_registry(self, temp_registry_dir):
        """Initialize registry with promoted model."""
>       initialize_registry()

tests\test_model_registry.py:177: 
_ _ _ _ _ _ _ _ _ _ _ _ _ _ _ _ _ _ _ _ _ _ _ _ _ _ _ _ _ _ _ _ _ _ _ _ _ _ _ _
src\registry\model_registry.py:162: in initialize_registry
    save_registry(registry)
_ _ _ _ _ _ _ _ _ _ _ _ _ _ _ _ _ _ _ _ _ _ _ _ _ _ _ _ _ _ _ _ _ _ _ _ _ _ _ _

registry = {'created_at': '2026-01-08T21:53:22.483648', 'history': [], 'latest_production': None, 'updated_at': '2026-01-08T21:53:22.483656'}

    def save_registry(registry: Dict[str, Any]) -> None:
        """
        Save the model registry with validation.
    
        Args:
            registry: Registry dictionary
    
        Raises:
            RegistryError: If validation fails
        """
        _validate_registry_schema(registry)
    
        ensure_directory(paths.REGISTRY_PATH.parent)
    
        try:
            # Write to temporary file first for atomicity
            temp_path = paths.REGISTRY_PATH.parent / f"{paths.REGISTRY_PATH.name}.tmp"
            with open(temp_path, "w") as f:
                json.dump(registry, f, indent=2)
    
            # Atomic rename
            temp_path.replace(paths.REGISTRY_PATH)
            logger.debug(f"Registry saved to {paths.REGISTRY_PATH}")
    
        except Exception as e:
>           raise RegistryError(f"Failed to save registry: {e}")
E           src.registry.model_registry.RegistryError: Failed to save registry: name 'json' is not defined

src\registry\model_registry.py:138: RegistryError
___________ ERROR at setup of TestModelQueries.test_list_all_models ___________

registry = {'created_at': '2026-01-08T21:53:22.507252', 'history': [], 'latest_production': None, 'updated_at': '2026-01-08T21:53:22.507267'}

    def save_registry(registry: Dict[str, Any]) -> None:
        """
        Save the model registry with validation.
    
        Args:
            registry: Registry dictionary
    
        Raises:
            RegistryError: If validation fails
        """
        _validate_registry_schema(registry)
    
        ensure_directory(paths.REGISTRY_PATH.parent)
    
        try:
            # Write to temporary file first for atomicity
            temp_path = paths.REGISTRY_PATH.parent / f"{paths.REGISTRY_PATH.name}.tmp"
            with open(temp_path, "w") as f:
>               json.dump(registry, f, indent=2)
                ^^^^
E               NameError: name 'json' is not defined. Did you forget to import 'json'?

src\registry\model_registry.py:131: NameError

During handling of the above exception, another exception occurred:

self = <test_model_registry.TestModelQueries object at 0x000001A79017B610>
temp_registry_dir = WindowsPath('C:/Users/sidha/AppData/Local/Temp/tmpioilx8li')

    @pytest.fixture(autouse=True)
    def setup_registry(self, temp_registry_dir):
        """Initialize registry with various models."""
>       initialize_registry()

tests\test_model_registry.py:202: 
_ _ _ _ _ _ _ _ _ _ _ _ _ _ _ _ _ _ _ _ _ _ _ _ _ _ _ _ _ _ _ _ _ _ _ _ _ _ _ _
src\registry\model_registry.py:162: in initialize_registry
    save_registry(registry)
_ _ _ _ _ _ _ _ _ _ _ _ _ _ _ _ _ _ _ _ _ _ _ _ _ _ _ _ _ _ _ _ _ _ _ _ _ _ _ _

registry = {'created_at': '2026-01-08T21:53:22.507252', 'history': [], 'latest_production': None, 'updated_at': '2026-01-08T21:53:22.507267'}

    def save_registry(registry: Dict[str, Any]) -> None:
        """
        Save the model registry with validation.
    
        Args:
            registry: Registry dictionary
    
        Raises:
            RegistryError: If validation fails
        """
        _validate_registry_schema(registry)
    
        ensure_directory(paths.REGISTRY_PATH.parent)
    
        try:
            # Write to temporary file first for atomicity
            temp_path = paths.REGISTRY_PATH.parent / f"{paths.REGISTRY_PATH.name}.tmp"
            with open(temp_path, "w") as f:
                json.dump(registry, f, indent=2)
    
            # Atomic rename
            temp_path.replace(paths.REGISTRY_PATH)
            logger.debug(f"Registry saved to {paths.REGISTRY_PATH}")
    
        except Exception as e:
>           raise RegistryError(f"Failed to save registry: {e}")
E           src.registry.model_registry.RegistryError: Failed to save registry: name 'json' is not defined

src\registry\model_registry.py:138: RegistryError
________ ERROR at setup of TestModelQueries.test_list_models_by_status ________

registry = {'created_at': '2026-01-08T21:53:22.532758', 'history': [], 'latest_production': None, 'updated_at': '2026-01-08T21:53:22.532766'}

    def save_registry(registry: Dict[str, Any]) -> None:
        """
        Save the model registry with validation.
    
        Args:
            registry: Registry dictionary
    
        Raises:
            RegistryError: If validation fails
        """
        _validate_registry_schema(registry)
    
        ensure_directory(paths.REGISTRY_PATH.parent)
    
        try:
            # Write to temporary file first for atomicity
            temp_path = paths.REGISTRY_PATH.parent / f"{paths.REGISTRY_PATH.name}.tmp"
            with open(temp_path, "w") as f:
>               json.dump(registry, f, indent=2)
                ^^^^
E               NameError: name 'json' is not defined. Did you forget to import 'json'?

src\registry\model_registry.py:131: NameError

During handling of the above exception, another exception occurred:

self = <test_model_registry.TestModelQueries object at 0x000001A79017B750>
temp_registry_dir = WindowsPath('C:/Users/sidha/AppData/Local/Temp/tmpktlyxjb3')

    @pytest.fixture(autouse=True)
    def setup_registry(self, temp_registry_dir):
        """Initialize registry with various models."""
>       initialize_registry()

tests\test_model_registry.py:202: 
_ _ _ _ _ _ _ _ _ _ _ _ _ _ _ _ _ _ _ _ _ _ _ _ _ _ _ _ _ _ _ _ _ _ _ _ _ _ _ _
src\registry\model_registry.py:162: in initialize_registry
    save_registry(registry)
_ _ _ _ _ _ _ _ _ _ _ _ _ _ _ _ _ _ _ _ _ _ _ _ _ _ _ _ _ _ _ _ _ _ _ _ _ _ _ _

registry = {'created_at': '2026-01-08T21:53:22.532758', 'history': [], 'latest_production': None, 'updated_at': '2026-01-08T21:53:22.532766'}

    def save_registry(registry: Dict[str, Any]) -> None:
        """
        Save the model registry with validation.
    
        Args:
            registry: Registry dictionary
    
        Raises:
            RegistryError: If validation fails
        """
        _validate_registry_schema(registry)
    
        ensure_directory(paths.REGISTRY_PATH.parent)
    
        try:
            # Write to temporary file first for atomicity
            temp_path = paths.REGISTRY_PATH.parent / f"{paths.REGISTRY_PATH.name}.tmp"
            with open(temp_path, "w") as f:
                json.dump(registry, f, indent=2)
    
            # Atomic rename
            temp_path.replace(paths.REGISTRY_PATH)
            logger.debug(f"Registry saved to {paths.REGISTRY_PATH}")
    
        except Exception as e:
>           raise RegistryError(f"Failed to save registry: {e}")
E           src.registry.model_registry.RegistryError: Failed to save registry: name 'json' is not defined

src\registry\model_registry.py:138: RegistryError
___ ERROR at setup of TestModelQueries.test_get_production_model_when_none ____

registry = {'created_at': '2026-01-08T21:53:22.558437', 'history': [], 'latest_production': None, 'updated_at': '2026-01-08T21:53:22.558446'}

    def save_registry(registry: Dict[str, Any]) -> None:
        """
        Save the model registry with validation.
    
        Args:
            registry: Registry dictionary
    
        Raises:
            RegistryError: If validation fails
        """
        _validate_registry_schema(registry)
    
        ensure_directory(paths.REGISTRY_PATH.parent)
    
        try:
            # Write to temporary file first for atomicity
            temp_path = paths.REGISTRY_PATH.parent / f"{paths.REGISTRY_PATH.name}.tmp"
            with open(temp_path, "w") as f:
>               json.dump(registry, f, indent=2)
                ^^^^
E               NameError: name 'json' is not defined. Did you forget to import 'json'?

src\registry\model_registry.py:131: NameError

During handling of the above exception, another exception occurred:

self = <test_model_registry.TestModelQueries object at 0x000001A790202C40>
temp_registry_dir = WindowsPath('C:/Users/sidha/AppData/Local/Temp/tmpbavjfcut')

    @pytest.fixture(autouse=True)
    def setup_registry(self, temp_registry_dir):
        """Initialize registry with various models."""
>       initialize_registry()

tests\test_model_registry.py:202: 
_ _ _ _ _ _ _ _ _ _ _ _ _ _ _ _ _ _ _ _ _ _ _ _ _ _ _ _ _ _ _ _ _ _ _ _ _ _ _ _
src\registry\model_registry.py:162: in initialize_registry
    save_registry(registry)
_ _ _ _ _ _ _ _ _ _ _ _ _ _ _ _ _ _ _ _ _ _ _ _ _ _ _ _ _ _ _ _ _ _ _ _ _ _ _ _

registry = {'created_at': '2026-01-08T21:53:22.558437', 'history': [], 'latest_production': None, 'updated_at': '2026-01-08T21:53:22.558446'}

    def save_registry(registry: Dict[str, Any]) -> None:
        """
        Save the model registry with validation.
    
        Args:
            registry: Registry dictionary
    
        Raises:
            RegistryError: If validation fails
        """
        _validate_registry_schema(registry)
    
        ensure_directory(paths.REGISTRY_PATH.parent)
    
        try:
            # Write to temporary file first for atomicity
            temp_path = paths.REGISTRY_PATH.parent / f"{paths.REGISTRY_PATH.name}.tmp"
            with open(temp_path, "w") as f:
                json.dump(registry, f, indent=2)
    
            # Atomic rename
            temp_path.replace(paths.REGISTRY_PATH)
            logger.debug(f"Registry saved to {paths.REGISTRY_PATH}")
    
        except Exception as e:
>           raise RegistryError(f"Failed to save registry: {e}")
E           src.registry.model_registry.RegistryError: Failed to save registry: name 'json' is not defined

src\registry\model_registry.py:138: RegistryError
___ ERROR at setup of TestModelQueries.test_get_model_by_version_not_found ____

registry = {'created_at': '2026-01-08T21:53:22.582385', 'history': [], 'latest_production': None, 'updated_at': '2026-01-08T21:53:22.582394'}

    def save_registry(registry: Dict[str, Any]) -> None:
        """
        Save the model registry with validation.
    
        Args:
            registry: Registry dictionary
    
        Raises:
            RegistryError: If validation fails
        """
        _validate_registry_schema(registry)
    
        ensure_directory(paths.REGISTRY_PATH.parent)
    
        try:
            # Write to temporary file first for atomicity
            temp_path = paths.REGISTRY_PATH.parent / f"{paths.REGISTRY_PATH.name}.tmp"
            with open(temp_path, "w") as f:
>               json.dump(registry, f, indent=2)
                ^^^^
E               NameError: name 'json' is not defined. Did you forget to import 'json'?

src\registry\model_registry.py:131: NameError

During handling of the above exception, another exception occurred:

self = <test_model_registry.TestModelQueries object at 0x000001A790202D70>
temp_registry_dir = WindowsPath('C:/Users/sidha/AppData/Local/Temp/tmpya41f0_0')

    @pytest.fixture(autouse=True)
    def setup_registry(self, temp_registry_dir):
        """Initialize registry with various models."""
>       initialize_registry()

tests\test_model_registry.py:202: 
_ _ _ _ _ _ _ _ _ _ _ _ _ _ _ _ _ _ _ _ _ _ _ _ _ _ _ _ _ _ _ _ _ _ _ _ _ _ _ _
src\registry\model_registry.py:162: in initialize_registry
    save_registry(registry)
_ _ _ _ _ _ _ _ _ _ _ _ _ _ _ _ _ _ _ _ _ _ _ _ _ _ _ _ _ _ _ _ _ _ _ _ _ _ _ _

registry = {'created_at': '2026-01-08T21:53:22.582385', 'history': [], 'latest_production': None, 'updated_at': '2026-01-08T21:53:22.582394'}

    def save_registry(registry: Dict[str, Any]) -> None:
        """
        Save the model registry with validation.
    
        Args:
            registry: Registry dictionary
    
        Raises:
            RegistryError: If validation fails
        """
        _validate_registry_schema(registry)
    
        ensure_directory(paths.REGISTRY_PATH.parent)
    
        try:
            # Write to temporary file first for atomicity
            temp_path = paths.REGISTRY_PATH.parent / f"{paths.REGISTRY_PATH.name}.tmp"
            with open(temp_path, "w") as f:
                json.dump(registry, f, indent=2)
    
            # Atomic rename
            temp_path.replace(paths.REGISTRY_PATH)
            logger.debug(f"Registry saved to {paths.REGISTRY_PATH}")
    
        except Exception as e:
>           raise RegistryError(f"Failed to save registry: {e}")
E           src.registry.model_registry.RegistryError: Failed to save registry: name 'json' is not defined

src\registry\model_registry.py:138: RegistryError
_________ ERROR at setup of TestArchiving.test_archive_old_candidates _________

registry = {'created_at': '2026-01-08T21:53:22.603329', 'history': [], 'latest_production': None, 'updated_at': '2026-01-08T21:53:22.603339'}

    def save_registry(registry: Dict[str, Any]) -> None:
        """
        Save the model registry with validation.
    
        Args:
            registry: Registry dictionary
    
        Raises:
            RegistryError: If validation fails
        """
        _validate_registry_schema(registry)
    
        ensure_directory(paths.REGISTRY_PATH.parent)
    
        try:
            # Write to temporary file first for atomicity
            temp_path = paths.REGISTRY_PATH.parent / f"{paths.REGISTRY_PATH.name}.tmp"
            with open(temp_path, "w") as f:
>               json.dump(registry, f, indent=2)
                ^^^^
E               NameError: name 'json' is not defined. Did you forget to import 'json'?

src\registry\model_registry.py:131: NameError

During handling of the above exception, another exception occurred:

self = <test_model_registry.TestArchiving object at 0x000001A79017B890>
temp_registry_dir = WindowsPath('C:/Users/sidha/AppData/Local/Temp/tmpw2lfsyi7')

    @pytest.fixture(autouse=True)
    def setup_registry(self, temp_registry_dir):
        """Initialize registry with many candidate models."""
>       initialize_registry()

tests\test_model_registry.py:241: 
_ _ _ _ _ _ _ _ _ _ _ _ _ _ _ _ _ _ _ _ _ _ _ _ _ _ _ _ _ _ _ _ _ _ _ _ _ _ _ _
src\registry\model_registry.py:162: in initialize_registry
    save_registry(registry)
_ _ _ _ _ _ _ _ _ _ _ _ _ _ _ _ _ _ _ _ _ _ _ _ _ _ _ _ _ _ _ _ _ _ _ _ _ _ _ _

registry = {'created_at': '2026-01-08T21:53:22.603329', 'history': [], 'latest_production': None, 'updated_at': '2026-01-08T21:53:22.603339'}

    def save_registry(registry: Dict[str, Any]) -> None:
        """
        Save the model registry with validation.
    
        Args:
            registry: Registry dictionary
    
        Raises:
            RegistryError: If validation fails
        """
        _validate_registry_schema(registry)
    
        ensure_directory(paths.REGISTRY_PATH.parent)
    
        try:
            # Write to temporary file first for atomicity
            temp_path = paths.REGISTRY_PATH.parent / f"{paths.REGISTRY_PATH.name}.tmp"
            with open(temp_path, "w") as f:
                json.dump(registry, f, indent=2)
    
            # Atomic rename
            temp_path.replace(paths.REGISTRY_PATH)
            logger.debug(f"Registry saved to {paths.REGISTRY_PATH}")
    
        except Exception as e:
>           raise RegistryError(f"Failed to save registry: {e}")
E           src.registry.model_registry.RegistryError: Failed to save registry: name 'json' is not defined

src\registry\model_registry.py:138: RegistryError
_ ERROR at setup of TestMetricsComparison.test_compare_metrics_between_models _

registry = {'created_at': '2026-01-08T21:53:22.632716', 'history': [], 'latest_production': None, 'updated_at': '2026-01-08T21:53:22.632727'}

    def save_registry(registry: Dict[str, Any]) -> None:
        """
        Save the model registry with validation.
    
        Args:
            registry: Registry dictionary
    
        Raises:
            RegistryError: If validation fails
        """
        _validate_registry_schema(registry)
    
        ensure_directory(paths.REGISTRY_PATH.parent)
    
        try:
            # Write to temporary file first for atomicity
            temp_path = paths.REGISTRY_PATH.parent / f"{paths.REGISTRY_PATH.name}.tmp"
            with open(temp_path, "w") as f:
>               json.dump(registry, f, indent=2)
                ^^^^
E               NameError: name 'json' is not defined. Did you forget to import 'json'?

src\registry\model_registry.py:131: NameError

During handling of the above exception, another exception occurred:

self = <test_model_registry.TestMetricsComparison object at 0x000001A79017B9D0>
temp_registry_dir = WindowsPath('C:/Users/sidha/AppData/Local/Temp/tmpy9e_lg8y')

    @pytest.fixture(autouse=True)
    def setup_registry(self, temp_registry_dir):
        """Initialize registry with two models."""
>       initialize_registry()

tests\test_model_registry.py:266: 
_ _ _ _ _ _ _ _ _ _ _ _ _ _ _ _ _ _ _ _ _ _ _ _ _ _ _ _ _ _ _ _ _ _ _ _ _ _ _ _
src\registry\model_registry.py:162: in initialize_registry
    save_registry(registry)
_ _ _ _ _ _ _ _ _ _ _ _ _ _ _ _ _ _ _ _ _ _ _ _ _ _ _ _ _ _ _ _ _ _ _ _ _ _ _ _

registry = {'created_at': '2026-01-08T21:53:22.632716', 'history': [], 'latest_production': None, 'updated_at': '2026-01-08T21:53:22.632727'}

    def save_registry(registry: Dict[str, Any]) -> None:
        """
        Save the model registry with validation.
    
        Args:
            registry: Registry dictionary
    
        Raises:
            RegistryError: If validation fails
        """
        _validate_registry_schema(registry)
    
        ensure_directory(paths.REGISTRY_PATH.parent)
    
        try:
            # Write to temporary file first for atomicity
            temp_path = paths.REGISTRY_PATH.parent / f"{paths.REGISTRY_PATH.name}.tmp"
            with open(temp_path, "w") as f:
                json.dump(registry, f, indent=2)
    
            # Atomic rename
            temp_path.replace(paths.REGISTRY_PATH)
            logger.debug(f"Registry saved to {paths.REGISTRY_PATH}")
    
        except Exception as e:
>           raise RegistryError(f"Failed to save registry: {e}")
E           src.registry.model_registry.RegistryError: Failed to save registry: name 'json' is not defined

src\registry\model_registry.py:138: RegistryError
_ ERROR at setup of TestMetricsComparison.test_compare_nonexistent_models_fails _

registry = {'created_at': '2026-01-08T21:53:22.656403', 'history': [], 'latest_production': None, 'updated_at': '2026-01-08T21:53:22.656412'}

    def save_registry(registry: Dict[str, Any]) -> None:
        """
        Save the model registry with validation.
    
        Args:
            registry: Registry dictionary
    
        Raises:
            RegistryError: If validation fails
        """
        _validate_registry_schema(registry)
    
        ensure_directory(paths.REGISTRY_PATH.parent)
    
        try:
            # Write to temporary file first for atomicity
            temp_path = paths.REGISTRY_PATH.parent / f"{paths.REGISTRY_PATH.name}.tmp"
            with open(temp_path, "w") as f:
>               json.dump(registry, f, indent=2)
                ^^^^
E               NameError: name 'json' is not defined. Did you forget to import 'json'?

src\registry\model_registry.py:131: NameError

During handling of the above exception, another exception occurred:

self = <test_model_registry.TestMetricsComparison object at 0x000001A79017BB10>
temp_registry_dir = WindowsPath('C:/Users/sidha/AppData/Local/Temp/tmpcq0240gr')

    @pytest.fixture(autouse=True)
    def setup_registry(self, temp_registry_dir):
        """Initialize registry with two models."""
>       initialize_registry()

tests\test_model_registry.py:266: 
_ _ _ _ _ _ _ _ _ _ _ _ _ _ _ _ _ _ _ _ _ _ _ _ _ _ _ _ _ _ _ _ _ _ _ _ _ _ _ _
src\registry\model_registry.py:162: in initialize_registry
    save_registry(registry)
_ _ _ _ _ _ _ _ _ _ _ _ _ _ _ _ _ _ _ _ _ _ _ _ _ _ _ _ _ _ _ _ _ _ _ _ _ _ _ _

registry = {'created_at': '2026-01-08T21:53:22.656403', 'history': [], 'latest_production': None, 'updated_at': '2026-01-08T21:53:22.656412'}

    def save_registry(registry: Dict[str, Any]) -> None:
        """
        Save the model registry with validation.
    
        Args:
            registry: Registry dictionary
    
        Raises:
            RegistryError: If validation fails
        """
        _validate_registry_schema(registry)
    
        ensure_directory(paths.REGISTRY_PATH.parent)
    
        try:
            # Write to temporary file first for atomicity
            temp_path = paths.REGISTRY_PATH.parent / f"{paths.REGISTRY_PATH.name}.tmp"
            with open(temp_path, "w") as f:
                json.dump(registry, f, indent=2)
    
            # Atomic rename
            temp_path.replace(paths.REGISTRY_PATH)
            logger.debug(f"Registry saved to {paths.REGISTRY_PATH}")
    
        except Exception as e:
>           raise RegistryError(f"Failed to save registry: {e}")
E           src.registry.model_registry.RegistryError: Failed to save registry: name 'json' is not defined

src\registry\model_registry.py:138: RegistryError
================================== FAILURES ===================================
___________ TestRegistryInitialization.test_initialize_new_registry ___________

registry = {'created_at': '2026-01-08T21:53:22.137567', 'history': [], 'latest_production': None, 'updated_at': '2026-01-08T21:53:22.137593'}

    def save_registry(registry: Dict[str, Any]) -> None:
        """
        Save the model registry with validation.
    
        Args:
            registry: Registry dictionary
    
        Raises:
            RegistryError: If validation fails
        """
        _validate_registry_schema(registry)
    
        ensure_directory(paths.REGISTRY_PATH.parent)
    
        try:
            # Write to temporary file first for atomicity
            temp_path = paths.REGISTRY_PATH.parent / f"{paths.REGISTRY_PATH.name}.tmp"
            with open(temp_path, "w") as f:
>               json.dump(registry, f, indent=2)
                ^^^^
E               NameError: name 'json' is not defined. Did you forget to import 'json'?

src\registry\model_registry.py:131: NameError

During handling of the above exception, another exception occurred:

self = <test_model_registry.TestRegistryInitialization object at 0x000001A79017AAD0>
temp_registry_dir = WindowsPath('C:/Users/sidha/AppData/Local/Temp/tmpe2q9o5ka')

    def test_initialize_new_registry(self, temp_registry_dir):
        """Test creating a new registry."""
        from src.utils.paths import REGISTRY_PATH
    
>       initialize_registry()

tests\test_model_registry.py:44: 
_ _ _ _ _ _ _ _ _ _ _ _ _ _ _ _ _ _ _ _ _ _ _ _ _ _ _ _ _ _ _ _ _ _ _ _ _ _ _ _
src\registry\model_registry.py:162: in initialize_registry
    save_registry(registry)
_ _ _ _ _ _ _ _ _ _ _ _ _ _ _ _ _ _ _ _ _ _ _ _ _ _ _ _ _ _ _ _ _ _ _ _ _ _ _ _

registry = {'created_at': '2026-01-08T21:53:22.137567', 'history': [], 'latest_production': None, 'updated_at': '2026-01-08T21:53:22.137593'}

    def save_registry(registry: Dict[str, Any]) -> None:
        """
        Save the model registry with validation.
    
        Args:
            registry: Registry dictionary
    
        Raises:
            RegistryError: If validation fails
        """
        _validate_registry_schema(registry)
    
        ensure_directory(paths.REGISTRY_PATH.parent)
    
        try:
            # Write to temporary file first for atomicity
            temp_path = paths.REGISTRY_PATH.parent / f"{paths.REGISTRY_PATH.name}.tmp"
            with open(temp_path, "w") as f:
                json.dump(registry, f, indent=2)
    
            # Atomic rename
            temp_path.replace(paths.REGISTRY_PATH)
            logger.debug(f"Registry saved to {paths.REGISTRY_PATH}")
    
        except Exception as e:
>           raise RegistryError(f"Failed to save registry: {e}")
E           src.registry.model_registry.RegistryError: Failed to save registry: name 'json' is not defined

src\registry\model_registry.py:138: RegistryError
_____ TestRegistryInitialization.test_initialize_existing_registry_fails ______

registry = {'created_at': '2026-01-08T21:53:22.262247', 'history': [], 'latest_production': None, 'updated_at': '2026-01-08T21:53:22.262257'}

    def save_registry(registry: Dict[str, Any]) -> None:
        """
        Save the model registry with validation.
    
        Args:
            registry: Registry dictionary
    
        Raises:
            RegistryError: If validation fails
        """
        _validate_registry_schema(registry)
    
        ensure_directory(paths.REGISTRY_PATH.parent)
    
        try:
            # Write to temporary file first for atomicity
            temp_path = paths.REGISTRY_PATH.parent / f"{paths.REGISTRY_PATH.name}.tmp"
            with open(temp_path, "w") as f:
>               json.dump(registry, f, indent=2)
                ^^^^
E               NameError: name 'json' is not defined. Did you forget to import 'json'?

src\registry\model_registry.py:131: NameError

During handling of the above exception, another exception occurred:

self = <test_model_registry.TestRegistryInitialization object at 0x000001A79017AFD0>
temp_registry_dir = WindowsPath('C:/Users/sidha/AppData/Local/Temp/tmpa30rh0sq')

    def test_initialize_existing_registry_fails(self, temp_registry_dir):
        """Test that initializing existing registry fails without force."""
>       initialize_registry()

tests\test_model_registry.py:54: 
_ _ _ _ _ _ _ _ _ _ _ _ _ _ _ _ _ _ _ _ _ _ _ _ _ _ _ _ _ _ _ _ _ _ _ _ _ _ _ _
src\registry\model_registry.py:162: in initialize_registry
    save_registry(registry)
_ _ _ _ _ _ _ _ _ _ _ _ _ _ _ _ _ _ _ _ _ _ _ _ _ _ _ _ _ _ _ _ _ _ _ _ _ _ _ _

registry = {'created_at': '2026-01-08T21:53:22.262247', 'history': [], 'latest_production': None, 'updated_at': '2026-01-08T21:53:22.262257'}

    def save_registry(registry: Dict[str, Any]) -> None:
        """
        Save the model registry with validation.
    
        Args:
            registry: Registry dictionary
    
        Raises:
            RegistryError: If validation fails
        """
        _validate_registry_schema(registry)
    
        ensure_directory(paths.REGISTRY_PATH.parent)
    
        try:
            # Write to temporary file first for atomicity
            temp_path = paths.REGISTRY_PATH.parent / f"{paths.REGISTRY_PATH.name}.tmp"
            with open(temp_path, "w") as f:
                json.dump(registry, f, indent=2)
    
            # Atomic rename
            temp_path.replace(paths.REGISTRY_PATH)
            logger.debug(f"Registry saved to {paths.REGISTRY_PATH}")
    
        except Exception as e:
>           raise RegistryError(f"Failed to save registry: {e}")
E           src.registry.model_registry.RegistryError: Failed to save registry: name 'json' is not defined

src\registry\model_registry.py:138: RegistryError
______ TestRegistryInitialization.test_initialize_with_force_overwrites _______

registry = {'created_at': '2026-01-08T21:53:22.298572', 'history': [], 'latest_production': None, 'updated_at': '2026-01-08T21:53:22.298589'}

    def save_registry(registry: Dict[str, Any]) -> None:
        """
        Save the model registry with validation.
    
        Args:
            registry: Registry dictionary
    
        Raises:
            RegistryError: If validation fails
        """
        _validate_registry_schema(registry)
    
        ensure_directory(paths.REGISTRY_PATH.parent)
    
        try:
            # Write to temporary file first for atomicity
            temp_path = paths.REGISTRY_PATH.parent / f"{paths.REGISTRY_PATH.name}.tmp"
            with open(temp_path, "w") as f:
>               json.dump(registry, f, indent=2)
                ^^^^
E               NameError: name 'json' is not defined. Did you forget to import 'json'?

src\registry\model_registry.py:131: NameError

During handling of the above exception, another exception occurred:

self = <test_model_registry.TestRegistryInitialization object at 0x000001A790202520>
temp_registry_dir = WindowsPath('C:/Users/sidha/AppData/Local/Temp/tmp5wza_trk')

    def test_initialize_with_force_overwrites(self, temp_registry_dir):
        """Test force initialization overwrites existing registry."""
>       initialize_registry()

tests\test_model_registry.py:61: 
_ _ _ _ _ _ _ _ _ _ _ _ _ _ _ _ _ _ _ _ _ _ _ _ _ _ _ _ _ _ _ _ _ _ _ _ _ _ _ _
src\registry\model_registry.py:162: in initialize_registry
    save_registry(registry)
_ _ _ _ _ _ _ _ _ _ _ _ _ _ _ _ _ _ _ _ _ _ _ _ _ _ _ _ _ _ _ _ _ _ _ _ _ _ _ _

registry = {'created_at': '2026-01-08T21:53:22.298572', 'history': [], 'latest_production': None, 'updated_at': '2026-01-08T21:53:22.298589'}

    def save_registry(registry: Dict[str, Any]) -> None:
        """
        Save the model registry with validation.
    
        Args:
            registry: Registry dictionary
    
        Raises:
            RegistryError: If validation fails
        """
        _validate_registry_schema(registry)
    
        ensure_directory(paths.REGISTRY_PATH.parent)
    
        try:
            # Write to temporary file first for atomicity
            temp_path = paths.REGISTRY_PATH.parent / f"{paths.REGISTRY_PATH.name}.tmp"
            with open(temp_path, "w") as f:
                json.dump(registry, f, indent=2)
    
            # Atomic rename
            temp_path.replace(paths.REGISTRY_PATH)
            logger.debug(f"Registry saved to {paths.REGISTRY_PATH}")
    
        except Exception as e:
>           raise RegistryError(f"Failed to save registry: {e}")
E           src.registry.model_registry.RegistryError: Failed to save registry: name 'json' is not defined

src\registry\model_registry.py:138: RegistryError
_____________ TestRegistryValidation.test_load_invalid_json_fails _____________

    def load_registry() -> Dict[str, Any]:
        """
        Load the model registry with validation.
    
        Returns:
            Registry dictionary
    
        Raises:
            RegistryError: If registry doesn't exist or is invalid
        """
        if not paths.REGISTRY_PATH.exists():
            raise RegistryError(f"Registry not found at {paths.REGISTRY_PATH}. Initialize registry first.")
    
        try:
            with open(paths.REGISTRY_PATH, "r") as f:
>               registry = json.load(f)
                           ^^^^
E               NameError: name 'json' is not defined. Did you forget to import 'json'?

src\registry\model_registry.py:102: NameError

During handling of the above exception, another exception occurred:

self = <test_model_registry.TestRegistryValidation object at 0x000001A79017BC50>
temp_registry_dir = WindowsPath('C:/Users/sidha/AppData/Local/Temp/tmptr_l4fe2')

    def test_load_invalid_json_fails(self, temp_registry_dir):
        """Test loading invalid JSON fails."""
        from src.utils.paths import REGISTRY_PATH
    
        # Create invalid JSON
        REGISTRY_PATH.parent.mkdir(parents=True, exist_ok=True)
        with open(REGISTRY_PATH, 'w') as f:
            f.write("invalid json{")
    
        with pytest.raises(RegistryError, match="Invalid JSON"):
>           load_registry()

tests\test_model_registry.py:302: 
_ _ _ _ _ _ _ _ _ _ _ _ _ _ _ _ _ _ _ _ _ _ _ _ _ _ _ _ _ _ _ _ _ _ _ _ _ _ _ _

    def load_registry() -> Dict[str, Any]:
        """
        Load the model registry with validation.
    
        Returns:
            Registry dictionary
    
        Raises:
            RegistryError: If registry doesn't exist or is invalid
        """
        if not paths.REGISTRY_PATH.exists():
            raise RegistryError(f"Registry not found at {paths.REGISTRY_PATH}. Initialize registry first.")
    
        try:
            with open(paths.REGISTRY_PATH, "r") as f:
                registry = json.load(f)
    
            _validate_registry_schema(registry)
            return registry
    
>       except json.JSONDecodeError as e:
               ^^^^
E       NameError: name 'json' is not defined. Did you forget to import 'json'?

src\registry\model_registry.py:107: NameError
_____________ TestRegistryValidation.test_load_missing_keys_fails _____________

    def load_registry() -> Dict[str, Any]:
        """
        Load the model registry with validation.
    
        Returns:
            Registry dictionary
    
        Raises:
            RegistryError: If registry doesn't exist or is invalid
        """
        if not paths.REGISTRY_PATH.exists():
            raise RegistryError(f"Registry not found at {paths.REGISTRY_PATH}. Initialize registry first.")
    
        try:
            with open(paths.REGISTRY_PATH, "r") as f:
>               registry = json.load(f)
                           ^^^^
E               NameError: name 'json' is not defined. Did you forget to import 'json'?

src\registry\model_registry.py:102: NameError

During handling of the above exception, another exception occurred:

self = <test_model_registry.TestRegistryValidation object at 0x000001A79017BD90>
temp_registry_dir = WindowsPath('C:/Users/sidha/AppData/Local/Temp/tmpzs0uu19y')

    def test_load_missing_keys_fails(self, temp_registry_dir):
        """Test loading registry with missing keys fails."""
        from src.utils.paths import REGISTRY_PATH
    
        # Create registry with missing keys
        REGISTRY_PATH.parent.mkdir(parents=True, exist_ok=True)
        with open(REGISTRY_PATH, 'w') as f:
            json.dump({"latest_production": None}, f)
    
        with pytest.raises(RegistryError, match="missing required key"):
>           load_registry()

tests\test_model_registry.py:314: 
_ _ _ _ _ _ _ _ _ _ _ _ _ _ _ _ _ _ _ _ _ _ _ _ _ _ _ _ _ _ _ _ _ _ _ _ _ _ _ _

    def load_registry() -> Dict[str, Any]:
        """
        Load the model registry with validation.
    
        Returns:
            Registry dictionary
    
        Raises:
            RegistryError: If registry doesn't exist or is invalid
        """
        if not paths.REGISTRY_PATH.exists():
            raise RegistryError(f"Registry not found at {paths.REGISTRY_PATH}. Initialize registry first.")
    
        try:
            with open(paths.REGISTRY_PATH, "r") as f:
                registry = json.load(f)
    
            _validate_registry_schema(registry)
            return registry
    
>       except json.JSONDecodeError as e:
               ^^^^
E       NameError: name 'json' is not defined. Did you forget to import 'json'?

src\registry\model_registry.py:107: NameError
=========================== short test summary info ===========================
FAILED tests/test_model_registry.py::TestRegistryInitialization::test_initialize_new_registry
FAILED tests/test_model_registry.py::TestRegistryInitialization::test_initialize_existing_registry_fails
FAILED tests/test_model_registry.py::TestRegistryInitialization::test_initialize_with_force_overwrites
FAILED tests/test_model_registry.py::TestRegistryValidation::test_load_invalid_json_fails
FAILED tests/test_model_registry.py::TestRegistryValidation::test_load_missing_keys_fails
ERROR tests/test_model_registry.py::TestModelRegistration::test_register_first_model
ERROR tests/test_model_registry.py::TestModelRegistration::test_register_multiple_models
ERROR tests/test_model_registry.py::TestModelRegistration::test_register_with_metadata
ERROR tests/test_model_registry.py::TestModelPromotion::test_promote_model_to_production
ERROR tests/test_model_registry.py::TestModelPromotion::test_promote_second_model_archives_first
ERROR tests/test_model_registry.py::TestModelPromotion::test_promote_nonexistent_model_fails
ERROR tests/test_model_registry.py::TestModelPromotion::test_promote_with_reason
ERROR tests/test_model_registry.py::TestRollback::test_rollback_to_previous_version
ERROR tests/test_model_registry.py::TestModelQueries::test_list_all_models - ...
ERROR tests/test_model_registry.py::TestModelQueries::test_list_models_by_status
ERROR tests/test_model_registry.py::TestModelQueries::test_get_production_model_when_none
ERROR tests/test_model_registry.py::TestModelQueries::test_get_model_by_version_not_found
ERROR tests/test_model_registry.py::TestArchiving::test_archive_old_candidates
ERROR tests/test_model_registry.py::TestMetricsComparison::test_compare_metrics_between_models
ERROR tests/test_model_registry.py::TestMetricsComparison::test_compare_nonexistent_models_fails
======================== 5 failed, 15 errors in 0.87s =========================
